// Jest Snapshot v1, https://goo.gl/fbAQLP

exports[`NotBeers component should render correctly 1`] = `
<NotBeersFounded>
  <div
    className="notification is-danger"
  >
    Sorry, we found no beers :(
  </div>
</NotBeersFounded>
`;
