// Jest Snapshot v1, https://goo.gl/fbAQLP

exports[`Loading component should render correctly 1`] = `
<Loading>
  <div>
    <FontAwesome
      name="spinner"
      size="3x"
      spin={true}
    >
      <span
        aria-hidden={true}
        className="fa fa-spinner fa-3x fa-spin"
      />
    </FontAwesome>
    <span
      className="sr-only"
    >
      Loading...
    </span>
  </div>
</Loading>
`;
